
> centro@0.0.0 build
> vite build

[36mvite v8.0.3 [32mbuilding client environment for production...[36m[39m
[2K
transforming...Γ£ô 2131 modules transformed.
rendering chunks...
node.exe : [31mΓ£ù[39m 
Build failed in 1.06s
At C:\Program 
Files\nodejs\npm.ps1:29 char:3
+   & $NODE_EXE $NPM_CLI_JS 
$args
+   
~~~~~~~~~~~~~~~~~~~~~~~~~~~~~
    + CategoryInfo          : 
    NotSpecified: ([31mΓ£ù  
  [39m Build failed in 1.06   
 s:String) [], RemoteExcep    
tion
    + FullyQualifiedErrorId : 
    NativeCommandError
 
[31merror during build:
[31mBuild failed with 3 
errors:

[31m[MISSING_EXPORT] 
Error:[0m "Instagram" is not 
exported by "node_modules/luci
de-react/dist/esm/lucide-react
.js".
   [38;5;246mΓò¡[0m[38;5;24
6mΓöÇ[0m[38;5;246m[[0m src/
components/Footer.jsx:1:10 
[38;5;246m][0m
   [38;5;246mΓöé[0m
 [38;5;246m1 Γöé[0m [38;5;2
49mi[0m[38;5;249mm[0m[38;5
;249mp[0m[38;5;249mo[0m[38
;5;249mr[0m[38;5;249mt[0m[
38;5;249m [0m[38;5;249m{[0m
[38;5;249m [0mInstagram[38;
5;249m,[0m[38;5;249m [0m[3
8;5;249mT[0m[38;5;249mw[0m
[38;5;249mi[0m[38;5;249mt[0
m[38;5;249mt[0m[38;5;249me
[0m[38;5;249mr[0m[38;5;249m
,[0m[38;5;249m [0m[38;5;24
9mL[0m[38;5;249mi[0m[38;5;
249mn[0m[38;5;249mk[0m[38;
5;249me[0m[38;5;249md[0m[3
8;5;249mi[0m[38;5;249mn[0m
[38;5;249m,[0m[38;5;249m [0
m[38;5;249mM[0m[38;5;249ma
[0m[38;5;249mp[0m[38;5;249m
P[0m[38;5;249mi[0m[38;5;24
9mn[0m[38;5;249m,[0m[38;5;
249m [0m[38;5;249mM[0m[38;
5;249ma[0m[38;5;249mi[0m[3
8;5;249ml[0m[38;5;249m,[0m
[38;5;249m [0m[38;5;249mP[0
m[38;5;249mh[0m[38;5;249mo
[0m[38;5;249mn[0m[38;5;249m
e[0m[38;5;249m [0m[38;5;24
9m}[0m[38;5;249m [0m[38;5;
249mf[0m[38;5;249mr[0m[38;
5;249mo[0m[38;5;249mm[0m[3
8;5;249m [0m[38;5;249m"[0m
[38;5;249ml[0m[38;5;249mu[0
m[38;5;249mc[0m[38;5;249mi
[0m[38;5;249md[0m[38;5;249m
e[0m[38;5;249m-[0m[38;5;24
9mr[0m[38;5;249me[0m[38;5;
249ma[0m[38;5;249mc[0m[38;
5;249mt[0m[38;5;249m"[0m[3
8;5;249m;[0m
 [38;5;240m  Γöé[0m         
 ΓöÇΓöÇΓöÇΓöÇΓö¼ΓöÇΓöÇΓöÇΓöÇ  
 [38;5;240m  Γöé[0m         
     Γò░ΓöÇΓöÇΓöÇΓöÇΓöÇΓöÇ 
Missing export
[38;5;246mΓöÇΓöÇΓöÇΓò»[0m

[31m[MISSING_EXPORT] 
Error:[0m "Twitter" is not 
exported by "node_modules/luci
de-react/dist/esm/lucide-react
.js".
   [38;5;246mΓò¡[0m[38;5;24
6mΓöÇ[0m[38;5;246m[[0m src/
components/Footer.jsx:1:21 
[38;5;246m][0m
   [38;5;246mΓöé[0m
 [38;5;246m1 Γöé[0m [38;5;2
49mi[0m[38;5;249mm[0m[38;5
;249mp[0m[38;5;249mo[0m[38
;5;249mr[0m[38;5;249mt[0m[
38;5;249m [0m[38;5;249m{[0m
[38;5;249m [0m[38;5;249mI[
0m[38;5;249mn[0m[38;5;249ms
[0m[38;5;249mt[0m[38;5;249
ma[0m[38;5;249mg[0m[38;5;2
49mr[0m[38;5;249ma[0m[38;5
;249mm[0m[38;5;249m,[0m[38
;5;249m [0mTwitter[38;5;249m
,[0m[38;5;249m [0m[38;5;24
9mL[0m[38;5;249mi[0m[38;5;
249mn[0m[38;5;249mk[0m[38;
5;249me[0m[38;5;249md[0m[3
8;5;249mi[0m[38;5;249mn[0m
[38;5;249m,[0m[38;5;249m [0
m[38;5;249mM[0m[38;5;249ma
[0m[38;5;249mp[0m[38;5;249m
P[0m[38;5;249mi[0m[38;5;24
9mn[0m[38;5;249m,[0m[38;5;
249m [0m[38;5;249mM[0m[38;
5;249ma[0m[38;5;249mi[0m[3
8;5;249ml[0m[38;5;249m,[0m
[38;5;249m [0m[38;5;249mP[0
m[38;5;249mh[0m[38;5;249mo
[0m[38;5;249mn[0m[38;5;249m
e[0m[38;5;249m [0m[38;5;24
9m}[0m[38;5;249m [0m[38;5;
249mf[0m[38;5;249mr[0m[38;
5;249mo[0m[38;5;249mm[0m[3
8;5;249m [0m[38;5;249m"[0m
[38;5;249ml[0m[38;5;249mu[0
m[38;5;249mc[0m[38;5;249mi
[0m[38;5;249md[0m[38;5;249m
e[0m[38;5;249m-[0m[38;5;24
9mr[0m[38;5;249me[0m[38;5;
249ma[0m[38;5;249mc[0m[38;
5;249mt[0m[38;5;249m"[0m[3
8;5;249m;[0m
 [38;5;240m  Γöé[0m         
            
ΓöÇΓöÇΓöÇΓö¼ΓöÇΓöÇΓöÇ  
 [38;5;240m  Γöé[0m         
               
Γò░ΓöÇΓöÇΓöÇΓöÇΓöÇ Missing 
export
[38;5;246mΓöÇΓöÇΓöÇΓò»[0m

[31m[MISSING_EXPORT] 
Error:[0m "Linkedin" is not 
exported by "node_modules/luci
de-react/dist/esm/lucide-react
.js".
   [38;5;246mΓò¡[0m[38;5;24
6mΓöÇ[0m[38;5;246m[[0m src/
components/Footer.jsx:1:30 
[38;5;246m][0m
   [38;5;246mΓöé[0m
 [38;5;246m1 Γöé[0m [38;5;2
49mi[0m[38;5;249mm[0m[38;5
;249mp[0m[38;5;249mo[0m[38
;5;249mr[0m[38;5;249mt[0m[
38;5;249m [0m[38;5;249m{[0m
[38;5;249m [0m[38;5;249mI[
0m[38;5;249mn[0m[38;5;249ms
[0m[38;5;249mt[0m[38;5;249
ma[0m[38;5;249mg[0m[38;5;2
49mr[0m[38;5;249ma[0m[38;5
;249mm[0m[38;5;249m,[0m[38
;5;249m [0m[38;5;249mT[0m[
38;5;249mw[0m[38;5;249mi[0m
[38;5;249mt[0m[38;5;249mt[
0m[38;5;249me[0m[38;5;249mr
[0m[38;5;249m,[0m[38;5;249
m [0mLinkedin[38;5;249m,[0m
[38;5;249m [0m[38;5;249mM[
0m[38;5;249ma[0m[38;5;249mp
[0m[38;5;249mP[0m[38;5;249
mi[0m[38;5;249mn[0m[38;5;2
49m,[0m[38;5;249m [0m[38;5
;249mM[0m[38;5;249ma[0m[38
;5;249mi[0m[38;5;249ml[0m[
38;5;249m,[0m[38;5;249m [0m
[38;5;249mP[0m[38;5;249mh[
0m[38;5;249mo[0m[38;5;249mn
[0m[38;5;249me[0m[38;5;249
m [0m[38;5;249m}[0m[38;5;2
49m [0m[38;5;249mf[0m[38;5
;249mr[0m[38;5;249mo[0m[38
;5;249mm[0m[38;5;249m [0m[
38;5;249m"[0m[38;5;249ml[0m
[38;5;249mu[0m[38;5;249mc[
0m[38;5;249mi[0m[38;5;249md
[0m[38;5;249me[0m[38;5;249
m-[0m[38;5;249mr[0m[38;5;2
49me[0m[38;5;249ma[0m[38;5
;249mc[0m[38;5;249mt[0m[38
;5;249m"[0m[38;5;249m;[0m
 [38;5;240m  Γöé[0m         
                     
ΓöÇΓöÇΓöÇΓöÇΓö¼ΓöÇΓöÇΓöÇ  
 [38;5;240m  Γöé[0m         
                         
Γò░ΓöÇΓöÇΓöÇΓöÇΓöÇ Missing 
export
[38;5;246mΓöÇΓöÇΓöÇΓò»[0m
[31m
    at aggregateBindingErrorsI
ntoJsError (file:///C:/Users/u
ser/OneDrive/Dokumen/centro/no
de_modules/rolldown/dist/share
d/error-BLhcSyeg.mjs:48:18)
    at unwrapBindingResult (fi
le:///C:/Users/user/OneDrive/D
okumen/centro/node_modules/rol
ldown/dist/shared/error-BLhcSy
eg.mjs:18:128)
    at #build (file:///C:/User
s/user/OneDrive/Dokumen/centro
/node_modules/rolldown/dist/sh
ared/rolldown-build-CPrIX9V6.m
js:3313:34)
    at async buildEnvironment 
(file:///C:/Users/user/OneDriv
e/Dokumen/centro/node_modules/
vite/dist/node/chunks/node.js:
32849:64)
    at async Object.build (fil
e:///C:/Users/user/OneDrive/Do
kumen/centro/node_modules/vite
/dist/node/chunks/node.js:3327
1:19)
    at async Object.buildApp (
file:///C:/Users/user/OneDrive
/Dokumen/centro/node_modules/v
ite/dist/node/chunks/node.js:3
3268:153)
    at async CAC.<anonymous> (
file:///C:/Users/user/OneDrive
/Dokumen/centro/node_modules/v
ite/dist/node/cli.js:778:3) {
  errors: [Getter/Setter]
}[39m
